// Jest Snapshot v1, https://goo.gl/fbAQLP

exports[`renderForm function #condition should render condition field only if contition is array and passes all validations 1`] = `
<ContextWrapper
  componentMapper={
    Object {
      "custom-component": [Function],
    }
  }
>
  <Component
    onSubmit={[MockFunction]}
  >
    <SingleField
      component="custom-component"
      key="a"
      name="a"
    >
      <FormConditionWrapper
        field={
          Object {
            "component": "custom-component",
            "name": "a",
          }
        }
      >
        <FormFieldHideWrapper
          hideField={false}
        >
          <CustomComponent
            component="custom-component"
            name="a"
          >
            <FieldProvider
              Component={[Function]}
              component="custom-component"
              name="a"
            >
              <TextField
                input={
                  Object {
                    "checked": undefined,
                    "multiple": undefined,
                    "name": "a",
                    "onBlur": [Function],
                    "onChange": [Function],
                    "onFocus": [Function],
                    "type": undefined,
                    "value": "",
                  }
                }
                meta={
                  Object {
                    "active": false,
                    "data": Object {},
                    "dirty": false,
                    "dirtySinceLastSubmit": false,
                    "error": undefined,
                    "initial": undefined,
                    "invalid": false,
                    "modified": false,
                    "modifiedSinceLastSubmit": false,
                    "pristine": true,
                    "submitError": undefined,
                    "submitFailed": false,
                    "submitSucceeded": false,
                    "submitting": false,
                    "touched": false,
                    "valid": true,
                    "validating": false,
                    "visited": false,
                    "warning": undefined,
                  }
                }
                name="a"
              >
                <input
                  id="a"
                  name="a"
                  onBlur={[Function]}
                  onChange={[Function]}
                  onFocus={[Function]}
                  value=""
                />
              </TextField>
            </FieldProvider>
          </CustomComponent>
        </FormFieldHideWrapper>
      </FormConditionWrapper>
    </SingleField>
    <SingleField
      component="custom-component"
      key="c"
      name="c"
    >
      <FormConditionWrapper
        field={
          Object {
            "component": "custom-component",
            "name": "c",
          }
        }
      >
        <FormFieldHideWrapper
          hideField={false}
        >
          <CustomComponent
            component="custom-component"
            name="c"
          >
            <FieldProvider
              Component={[Function]}
              component="custom-component"
              name="c"
            >
              <TextField
                input={
                  Object {
                    "checked": undefined,
                    "multiple": undefined,
                    "name": "c",
                    "onBlur": [Function],
                    "onChange": [Function],
                    "onFocus": [Function],
                    "type": undefined,
                    "value": "",
                  }
                }
                meta={
                  Object {
                    "active": false,
                    "data": Object {},
                    "dirty": false,
                    "dirtySinceLastSubmit": false,
                    "error": undefined,
                    "initial": undefined,
                    "invalid": false,
                    "modified": false,
                    "modifiedSinceLastSubmit": false,
                    "pristine": true,
                    "submitError": undefined,
                    "submitFailed": false,
                    "submitSucceeded": false,
                    "submitting": false,
                    "touched": false,
                    "valid": true,
                    "validating": false,
                    "visited": false,
                    "warning": undefined,
                  }
                }
                name="c"
              >
                <input
                  id="c"
                  name="c"
                  onBlur={[Function]}
                  onChange={[Function]}
                  onFocus={[Function]}
                  value=""
                />
              </TextField>
            </FieldProvider>
          </CustomComponent>
        </FormFieldHideWrapper>
      </FormConditionWrapper>
    </SingleField>
    <SingleField
      component="custom-component"
      condition={
        Array [
          Object {
            "is": "x",
            "when": Array [
              "a",
              "b",
            ],
          },
          Object {
            "pattern": /fuzz/,
            "when": "c",
          },
        ]
      }
      key="foo"
      name="foo"
    >
      <FormConditionWrapper
        condition={
          Array [
            Object {
              "is": "x",
              "when": Array [
                "a",
                "b",
              ],
            },
            Object {
              "pattern": /fuzz/,
              "when": "c",
            },
          ]
        }
        field={
          Object {
            "component": "custom-component",
            "name": "foo",
          }
        }
      >
        <Component
          subscription={
            Object {
              "values": true,
            }
          }
        >
          <Component
            condition={
              Array [
                Object {
                  "is": "x",
                  "when": Array [
                    "a",
                    "b",
                  ],
                },
                Object {
                  "pattern": /fuzz/,
                  "when": "c",
                },
              ]
            }
            field={
              Object {
                "component": "custom-component",
                "name": "foo",
              }
            }
            values={Object {}}
          />
        </Component>
      </FormConditionWrapper>
    </SingleField>
  </Component>
</ContextWrapper>
`;

exports[`renderForm function #condition should render condition field only if one of depency fields has correct value 1`] = `
<ContextWrapper
  componentMapper={
    Object {
      "custom-component": [Function],
    }
  }
>
  <Component
    onSubmit={[MockFunction]}
  >
    <SingleField
      component="custom-component"
      key="a"
      name="a"
    >
      <FormConditionWrapper
        field={
          Object {
            "component": "custom-component",
            "name": "a",
          }
        }
      >
        <FormFieldHideWrapper
          hideField={false}
        >
          <CustomComponent
            component="custom-component"
            name="a"
          >
            <FieldProvider
              Component={[Function]}
              component="custom-component"
              name="a"
            >
              <TextField
                input={
                  Object {
                    "checked": undefined,
                    "multiple": undefined,
                    "name": "a",
                    "onBlur": [Function],
                    "onChange": [Function],
                    "onFocus": [Function],
                    "type": undefined,
                    "value": "",
                  }
                }
                meta={
                  Object {
                    "active": false,
                    "data": Object {},
                    "dirty": false,
                    "dirtySinceLastSubmit": false,
                    "error": undefined,
                    "initial": undefined,
                    "invalid": false,
                    "modified": false,
                    "modifiedSinceLastSubmit": false,
                    "pristine": true,
                    "submitError": undefined,
                    "submitFailed": false,
                    "submitSucceeded": false,
                    "submitting": false,
                    "touched": false,
                    "valid": true,
                    "validating": false,
                    "visited": false,
                    "warning": undefined,
                  }
                }
                name="a"
              >
                <input
                  id="a"
                  name="a"
                  onBlur={[Function]}
                  onChange={[Function]}
                  onFocus={[Function]}
                  value=""
                />
              </TextField>
            </FieldProvider>
          </CustomComponent>
        </FormFieldHideWrapper>
      </FormConditionWrapper>
    </SingleField>
    <SingleField
      component="custom-component"
      key="b"
      name="b"
    >
      <FormConditionWrapper
        field={
          Object {
            "component": "custom-component",
            "name": "b",
          }
        }
      >
        <FormFieldHideWrapper
          hideField={false}
        >
          <CustomComponent
            component="custom-component"
            name="b"
          >
            <FieldProvider
              Component={[Function]}
              component="custom-component"
              name="b"
            >
              <TextField
                input={
                  Object {
                    "checked": undefined,
                    "multiple": undefined,
                    "name": "b",
                    "onBlur": [Function],
                    "onChange": [Function],
                    "onFocus": [Function],
                    "type": undefined,
                    "value": "",
                  }
                }
                meta={
                  Object {
                    "active": false,
                    "data": Object {},
                    "dirty": false,
                    "dirtySinceLastSubmit": false,
                    "error": undefined,
                    "initial": undefined,
                    "invalid": false,
                    "modified": false,
                    "modifiedSinceLastSubmit": false,
                    "pristine": true,
                    "submitError": undefined,
                    "submitFailed": false,
                    "submitSucceeded": false,
                    "submitting": false,
                    "touched": false,
                    "valid": true,
                    "validating": false,
                    "visited": false,
                    "warning": undefined,
                  }
                }
                name="b"
              >
                <input
                  id="b"
                  name="b"
                  onBlur={[Function]}
                  onChange={[Function]}
                  onFocus={[Function]}
                  value=""
                />
              </TextField>
            </FieldProvider>
          </CustomComponent>
        </FormFieldHideWrapper>
      </FormConditionWrapper>
    </SingleField>
    <SingleField
      component="custom-component"
      condition={
        Object {
          "is": "x",
          "when": Array [
            "a",
            "b",
          ],
        }
      }
      key="foo"
      name="foo"
    >
      <FormConditionWrapper
        condition={
          Object {
            "is": "x",
            "when": Array [
              "a",
              "b",
            ],
          }
        }
        field={
          Object {
            "component": "custom-component",
            "name": "foo",
          }
        }
      >
        <Component
          subscription={
            Object {
              "values": true,
            }
          }
        >
          <Component
            condition={
              Object {
                "is": "x",
                "when": Array [
                  "a",
                  "b",
                ],
              }
            }
            field={
              Object {
                "component": "custom-component",
                "name": "foo",
              }
            }
            values={Object {}}
          />
        </Component>
      </FormConditionWrapper>
    </SingleField>
  </Component>
</ContextWrapper>
`;

exports[`renderForm function should render single field from defined componentTypes 1`] = `
<ContextWrapper
  componentMapper={
    Object {
      "text-field": [Function],
    }
  }
>
  <Component
    onSubmit={[MockFunction]}
  >
    <SingleField
      component="text-field"
      key="foo"
      name="foo"
    >
      <FormConditionWrapper
        field={
          Object {
            "component": "text-field",
            "name": "foo",
          }
        }
      >
        <FormFieldHideWrapper
          hideField={false}
        >
          <Component
            component="text-field"
            name="foo"
          >
            <div
              component="text-field"
              name="foo"
            >
              TextField
            </div>
          </Component>
        </FormFieldHideWrapper>
      </FormConditionWrapper>
    </SingleField>
  </Component>
</ContextWrapper>
`;

exports[`renderForm function should render single field from with custom componentType 1`] = `
<ContextWrapper
  componentMapper={
    Object {
      "custom-component": [Function],
    }
  }
>
  <Component
    onSubmit={[MockFunction]}
  >
    <SingleField
      component="custom-component"
      key="foo"
      name="foo"
    >
      <FormConditionWrapper
        field={
          Object {
            "component": "custom-component",
            "name": "foo",
          }
        }
      >
        <FormFieldHideWrapper
          hideField={false}
        >
          <CustomComponent
            component="custom-component"
            name="foo"
          >
            <FieldProvider
              Component={[Function]}
              component="custom-component"
              name="foo"
            >
              <TextField
                input={
                  Object {
                    "checked": undefined,
                    "multiple": undefined,
                    "name": "foo",
                    "onBlur": [Function],
                    "onChange": [Function],
                    "onFocus": [Function],
                    "type": undefined,
                    "value": "",
                  }
                }
                meta={
                  Object {
                    "active": false,
                    "data": Object {},
                    "dirty": false,
                    "dirtySinceLastSubmit": false,
                    "error": undefined,
                    "initial": undefined,
                    "invalid": false,
                    "modified": false,
                    "modifiedSinceLastSubmit": false,
                    "pristine": true,
                    "submitError": undefined,
                    "submitFailed": false,
                    "submitSucceeded": false,
                    "submitting": false,
                    "touched": false,
                    "valid": true,
                    "validating": false,
                    "visited": false,
                    "warning": undefined,
                  }
                }
                name="foo"
              >
                <input
                  id="foo"
                  name="foo"
                  onBlur={[Function]}
                  onChange={[Function]}
                  onFocus={[Function]}
                  value=""
                />
              </TextField>
            </FieldProvider>
          </CustomComponent>
        </FormFieldHideWrapper>
      </FormConditionWrapper>
    </SingleField>
  </Component>
</ContextWrapper>
`;
