// Jest Snapshot v1, https://goo.gl/fbAQLP

exports[`FormFields should render with onText/OffText Switch correctly 1`] = `
<RenderWithProvider>
  <Component
    onSubmit={[Function]}
  >
    <Switch
      id="someIdKey"
      name="Name of the field"
      offText="Turned off"
      onText="I am on"
    >
      <FormGroup
        hideLabel={true}
        id="someIdKey"
        meta={
          Object {
            "active": false,
            "data": Object {},
            "dirty": false,
            "dirtySinceLastSubmit": false,
            "error": undefined,
            "initial": undefined,
            "invalid": false,
            "modified": false,
            "modifiedSinceLastSubmit": false,
            "pristine": true,
            "submitError": undefined,
            "submitFailed": false,
            "submitSucceeded": false,
            "submitting": false,
            "touched": false,
            "valid": true,
            "validating": false,
            "visited": false,
            "warning": undefined,
          }
        }
      >
        <FormGroup
          fieldId="someIdKey"
          label={false}
          validated="default"
        >
          <div
            className="pf-c-form__group"
          >
            <div
              className="pf-c-form__group-control"
            >
              <Switch
                aria-label=""
                checked={false}
                id="someIdKey"
                isChecked={true}
                isDisabled={false}
                label="I am on"
                labelOff="Turned off"
                name="Name of the field"
                onBlur={[Function]}
                onChange={[Function]}
                onFocus={[Function]}
                type="checkbox"
                value=""
              >
                <label
                  className="pf-c-switch"
                  data-ouia-component-id="OUIA-Generated-Switch-1"
                  data-ouia-component-type="PF4/Switch"
                  data-ouia-safe={true}
                  htmlFor="someIdKey"
                >
                  <input
                    aria-label=""
                    aria-labelledby="someIdKey-on"
                    checked={false}
                    className="pf-c-switch__input"
                    disabled={false}
                    id="someIdKey"
                    name="Name of the field"
                    onBlur={[Function]}
                    onChange={[Function]}
                    onFocus={[Function]}
                    type="checkbox"
                    value=""
                  />
                  <span
                    className="pf-c-switch__toggle"
                  />
                  <span
                    aria-hidden="true"
                    className="pf-c-switch__label pf-m-on"
                    id="someIdKey-on"
                  >
                    I am on
                  </span>
                  <span
                    aria-hidden="true"
                    className="pf-c-switch__label pf-m-off"
                    id="someIdKey-off"
                  >
                    Turned off
                  </span>
                </label>
              </Switch>
            </div>
          </div>
        </FormGroup>
      </FormGroup>
    </Switch>
  </Component>
</RenderWithProvider>
`;
